// Jest Snapshot v1, https://goo.gl/fbAQLP

exports[`sentMagicLink 1`] = `
.emotion-0 {
  margin: 0 auto;
  width: 960px;
  max-width: 80%;
  padding: 0px 1.0875rem 1.45rem;
  padding-top: 1.45rem;
  margin-bottom: 10%;
}

@media only screen and (max-width:600px) {
  .emotion-0 {
    padding: 0px 0.5875rem 1.45rem;
    max-width: 98%;
  }
}

<div>
  <div
    class="emotion-0 emotion-1"
  >
    <h1>
      Magic Link Sent
    </h1>
    <p
      data-testid="magic-link-text"
    >
      Check your inbox! We sent an email to 
      . Click the link in that email to sign in to Space EdVentures.
    </p>
  </div>
</div>
`;
